<h1>Description</h1>
<h3>Hello my friend</h3>
<p>Hi, whats going on</p>
<h2>Nothing everyting is fine</h2>
<p><a href='http://www.example-1.com'>Link1</a> - <a href='http://www.example-2.com'>Link2</a></p>
<h2>Here is an <a href='http://www.example-3.com'>Link1</a> in header</h2>
<p>Thats an p with a <a href='http://www.example-4.com'>Link2</a> link</p>
<p>Waw really <strong><em>awesome3</em></strong> -- <strong><em>awesome3</em></strong>!</p>
<p>Waw really <strong><em>awesome3</em></strong> -- <strong><em>awesome3</em></strong> <a href='http://www.example-5.com'>Link5</a>!</p>
<h2>Waw really <strong><em>awesome3</em></strong> -- <a href='http://www.example-6.com'>Link5</a> -- <strong><em>awesome6</em></strong>!</h2>
<p>Waw really <strong>awesome2</strong> -- <strong><em>awesome3</em></strong> -- <em>awesome2</em> -- <a href='http://www.example-6.com'>Link5</a>!</p>
<h5>Waw really <em>awesome1</em> -- <em>awesome2</em>!</h5>
